Copyright 1986-2022 Xilinx, Inc. All Rights Reserved. Copyright 2022-2024 Advanced Micro Devices, Inc. All Rights Reserved.
------------------------------------------------------------------------------------------------------------------------------------------------------------------------------------------------
| Tool Version : Vivado v.2023.2.2 (lin64) Build 4126759 Thu Feb  8 23:52:05 MST 2024
| Date         : Thu May 23 13:01:37 2024
| Host         : HP running 64-bit Ubuntu 22.04.4 LTS
| Command      : report_bus_skew -warn_on_violation -file seven_segment_display_bus_skew_routed.rpt -pb seven_segment_display_bus_skew_routed.pb -rpx seven_segment_display_bus_skew_routed.rpx
| Design       : seven_segment_display
| Device       : 7a35t-cpg236
| Speed File   : -1  PRODUCTION 1.23 2018-06-13
| Design State : Routed
------------------------------------------------------------------------------------------------------------------------------------------------------------------------------------------------

Bus Skew Report

No bus skew constraints

